let run_and_discard_effect f a =
  Ppx_effects_runtime.match_with f a
    {
      Ppx_effects_runtime.retc = (function | () -> ());
      exnc = Ppx_effects_runtime.raise;
      effc =
        (let effc : type continue_input.
           continue_input Stdlib.Effect.t ->
             ((continue_input, _) Stdlib.Effect.Deep.continuation -> _)
               option
           = function | _ -> Some ((fun _ -> ())) in
         effc)
    }
let run_and_discard_both f a =
  Ppx_effects_runtime.match_with f a
    {
      Ppx_effects_runtime.retc = (function | () -> ());
      exnc = (function | _ -> ());
      effc =
        (let effc : type continue_input.
           continue_input Stdlib.Effect.t ->
             ((continue_input, _) Stdlib.Effect.Deep.continuation -> _)
               option
           = function | _ -> Some ((fun _ -> ())) in
         effc)
    }
